Archive member included to satisfy reference by file (symbol)

d:/_0_stm32data/6_cubeide/stm32cubeide_1.6.1/stm32cubeide/plugins/com.st.stm32cube.ide.mcu.externaltools.gnu-tools-for-stm32.9-2020-q2-update.win32_2.0.0.202105311346/tools/bin/../lib/gcc/arm-none-eabi/9.3.1/../../../../arm-none-eabi/lib/thumb/v7e-m+fp/hard\libc_nano.a(lib_a-errno.o)
                              ./Core/Src/syscalls.o (__errno)
d:/_0_stm32data/6_cubeide/stm32cubeide_1.6.1/stm32cubeide/plugins/com.st.stm32cube.ide.mcu.externaltools.gnu-tools-for-stm32.9-2020-q2-update.win32_2.0.0.202105311346/tools/bin/../lib/gcc/arm-none-eabi/9.3.1/../../../../arm-none-eabi/lib/thumb/v7e-m+fp/hard\libc_nano.a(lib_a-exit.o)
                              d:/_0_stm32data/6_cubeide/stm32cubeide_1.6.1/stm32cubeide/plugins/com.st.stm32cube.ide.mcu.externaltools.gnu-tools-for-stm32.9-2020-q2-update.win32_2.0.0.202105311346/tools/bin/../lib/gcc/arm-none-eabi/9.3.1/../../../../arm-none-eabi/lib/thumb/v7e-m+fp/hard/crt0.o (exit)
d:/_0_stm32data/6_cubeide/stm32cubeide_1.6.1/stm32cubeide/plugins/com.st.stm32cube.ide.mcu.externaltools.gnu-tools-for-stm32.9-2020-q2-update.win32_2.0.0.202105311346/tools/bin/../lib/gcc/arm-none-eabi/9.3.1/../../../../arm-none-eabi/lib/thumb/v7e-m+fp/hard\libc_nano.a(lib_a-impure.o)
                              d:/_0_stm32data/6_cubeide/stm32cubeide_1.6.1/stm32cubeide/plugins/com.st.stm32cube.ide.mcu.externaltools.gnu-tools-for-stm32.9-2020-q2-update.win32_2.0.0.202105311346/tools/bin/../lib/gcc/arm-none-eabi/9.3.1/../../../../arm-none-eabi/lib/thumb/v7e-m+fp/hard\libc_nano.a(lib_a-exit.o) (_global_impure_ptr)
d:/_0_stm32data/6_cubeide/stm32cubeide_1.6.1/stm32cubeide/plugins/com.st.stm32cube.ide.mcu.externaltools.gnu-tools-for-stm32.9-2020-q2-update.win32_2.0.0.202105311346/tools/bin/../lib/gcc/arm-none-eabi/9.3.1/../../../../arm-none-eabi/lib/thumb/v7e-m+fp/hard\libc_nano.a(lib_a-init.o)
                              d:/_0_stm32data/6_cubeide/stm32cubeide_1.6.1/stm32cubeide/plugins/com.st.stm32cube.ide.mcu.externaltools.gnu-tools-for-stm32.9-2020-q2-update.win32_2.0.0.202105311346/tools/bin/../lib/gcc/arm-none-eabi/9.3.1/../../../../arm-none-eabi/lib/thumb/v7e-m+fp/hard/crt0.o (__libc_init_array)
d:/_0_stm32data/6_cubeide/stm32cubeide_1.6.1/stm32cubeide/plugins/com.st.stm32cube.ide.mcu.externaltools.gnu-tools-for-stm32.9-2020-q2-update.win32_2.0.0.202105311346/tools/bin/../lib/gcc/arm-none-eabi/9.3.1/../../../../arm-none-eabi/lib/thumb/v7e-m+fp/hard\libc_nano.a(lib_a-memset.o)
                              d:/_0_stm32data/6_cubeide/stm32cubeide_1.6.1/stm32cubeide/plugins/com.st.stm32cube.ide.mcu.externaltools.gnu-tools-for-stm32.9-2020-q2-update.win32_2.0.0.202105311346/tools/bin/../lib/gcc/arm-none-eabi/9.3.1/../../../../arm-none-eabi/lib/thumb/v7e-m+fp/hard/crt0.o (memset)
d:/_0_stm32data/6_cubeide/stm32cubeide_1.6.1/stm32cubeide/plugins/com.st.stm32cube.ide.mcu.externaltools.gnu-tools-for-stm32.9-2020-q2-update.win32_2.0.0.202105311346/tools/bin/../lib/gcc/arm-none-eabi/9.3.1/thumb/v7e-m+fp/hard\libgcc.a(_aeabi_uldivmod.o)
                              ./Drivers/STM32F4xx_HAL_Driver/Src/stm32f4xx_hal_rcc.o (__aeabi_uldivmod)
d:/_0_stm32data/6_cubeide/stm32cubeide_1.6.1/stm32cubeide/plugins/com.st.stm32cube.ide.mcu.externaltools.gnu-tools-for-stm32.9-2020-q2-update.win32_2.0.0.202105311346/tools/bin/../lib/gcc/arm-none-eabi/9.3.1/thumb/v7e-m+fp/hard\libgcc.a(_udivmoddi4.o)
                              d:/_0_stm32data/6_cubeide/stm32cubeide_1.6.1/stm32cubeide/plugins/com.st.stm32cube.ide.mcu.externaltools.gnu-tools-for-stm32.9-2020-q2-update.win32_2.0.0.202105311346/tools/bin/../lib/gcc/arm-none-eabi/9.3.1/thumb/v7e-m+fp/hard\libgcc.a(_aeabi_uldivmod.o) (__udivmoddi4)
d:/_0_stm32data/6_cubeide/stm32cubeide_1.6.1/stm32cubeide/plugins/com.st.stm32cube.ide.mcu.externaltools.gnu-tools-for-stm32.9-2020-q2-update.win32_2.0.0.202105311346/tools/bin/../lib/gcc/arm-none-eabi/9.3.1/thumb/v7e-m+fp/hard\libgcc.a(_dvmd_tls.o)
                              d:/_0_stm32data/6_cubeide/stm32cubeide_1.6.1/stm32cubeide/plugins/com.st.stm32cube.ide.mcu.externaltools.gnu-tools-for-stm32.9-2020-q2-update.win32_2.0.0.202105311346/tools/bin/../lib/gcc/arm-none-eabi/9.3.1/thumb/v7e-m+fp/hard\libgcc.a(_aeabi_uldivmod.o) (__aeabi_ldiv0)

Allocating common symbols
Common symbol       size              file

uwTick              0x4               ./Drivers/STM32F4xx_HAL_Driver/Src/stm32f4xx_hal.o
pFlash              0x20              ./Drivers/STM32F4xx_HAL_Driver/Src/stm32f4xx_hal_flash.o
htim5               0x48              ./Core/Src/main.o
htim9               0x48              ./Core/Src/main.o
htim2               0x48              ./Core/Src/main.o

Discarded input sections

[...]
Memory Configuration

Name             Origin             Length             Attributes
RAM              0x0000000020000000 0x0000000000020000 xrw
FLASH            0x0000000008000000 0x0000000000080000 xr
*default*        0x0000000000000000 0xffffffffffffffff

Linker script and memory map

LOAD d:/_0_stm32data/6_cubeide/stm32cubeide_1.6.1/stm32cubeide/plugins/com.st.stm32cube.ide.mcu.externaltools.gnu-tools-for-stm32.9-2020-q2-update.win32_2.0.0.202105311346/tools/bin/../lib/gcc/arm-none-eabi/9.3.1/thumb/v7e-m+fp/hard/crti.o
LOAD d:/_0_stm32data/6_cubeide/stm32cubeide_1.6.1/stm32cubeide/plugins/com.st.stm32cube.ide.mcu.externaltools.gnu-tools-for-stm32.9-2020-q2-update.win32_2.0.0.202105311346/tools/bin/../lib/gcc/arm-none-eabi/9.3.1/thumb/v7e-m+fp/hard/crtbegin.o
LOAD d:/_0_stm32data/6_cubeide/stm32cubeide_1.6.1/stm32cubeide/plugins/com.st.stm32cube.ide.mcu.externaltools.gnu-tools-for-stm32.9-2020-q2-update.win32_2.0.0.202105311346/tools/bin/../lib/gcc/arm-none-eabi/9.3.1/../../../../arm-none-eabi/lib/thumb/v7e-m+fp/hard/crt0.o
LOAD ./Core/Src/main.o
LOAD ./Core/Src/stm32f4xx_hal_msp.o
LOAD ./Core/Src/stm32f4xx_it.o
LOAD ./Core/Src/syscalls.o
LOAD ./Core/Src/sysmem.o
LOAD ./Core/Src/system_stm32f4xx.o
LOAD ./Core/Startup/startup_stm32f411ceux.o
LOAD ./Drivers/STM32F4xx_HAL_Driver/Src/stm32f4xx_hal.o
LOAD ./Drivers/STM32F4xx_HAL_Driver/Src/stm32f4xx_hal_cortex.o
LOAD ./Drivers/STM32F4xx_HAL_Driver/Src/stm32f4xx_hal_dma.o
LOAD ./Drivers/STM32F4xx_HAL_Driver/Src/stm32f4xx_hal_dma_ex.o
LOAD ./Drivers/STM32F4xx_HAL_Driver/Src/stm32f4xx_hal_exti.o
LOAD ./Drivers/STM32F4xx_HAL_Driver/Src/stm32f4xx_hal_flash.o
LOAD ./Drivers/STM32F4xx_HAL_Driver/Src/stm32f4xx_hal_flash_ex.o
LOAD ./Drivers/STM32F4xx_HAL_Driver/Src/stm32f4xx_hal_flash_ramfunc.o
LOAD ./Drivers/STM32F4xx_HAL_Driver/Src/stm32f4xx_hal_gpio.o
LOAD ./Drivers/STM32F4xx_HAL_Driver/Src/stm32f4xx_hal_pwr.o
LOAD ./Drivers/STM32F4xx_HAL_Driver/Src/stm32f4xx_hal_pwr_ex.o
LOAD ./Drivers/STM32F4xx_HAL_Driver/Src/stm32f4xx_hal_rcc.o
LOAD ./Drivers/STM32F4xx_HAL_Driver/Src/stm32f4xx_hal_rcc_ex.o
LOAD ./Drivers/STM32F4xx_HAL_Driver/Src/stm32f4xx_hal_tim.o
LOAD ./Drivers/STM32F4xx_HAL_Driver/Src/stm32f4xx_hal_tim_ex.o
START GROUP
LOAD d:/_0_stm32data/6_cubeide/stm32cubeide_1.6.1/stm32cubeide/plugins/com.st.stm32cube.ide.mcu.externaltools.gnu-tools-for-stm32.9-2020-q2-update.win32_2.0.0.202105311346/tools/bin/../lib/gcc/arm-none-eabi/9.3.1/../../../../arm-none-eabi/lib/thumb/v7e-m+fp/hard\libc_nano.a
LOAD d:/_0_stm32data/6_cubeide/stm32cubeide_1.6.1/stm32cubeide/plugins/com.st.stm32cube.ide.mcu.externaltools.gnu-tools-for-stm32.9-2020-q2-update.win32_2.0.0.202105311346/tools/bin/../lib/gcc/arm-none-eabi/9.3.1/../../../../arm-none-eabi/lib/thumb/v7e-m+fp/hard\libm.a
END GROUP
START GROUP
LOAD d:/_0_stm32data/6_cubeide/stm32cubeide_1.6.1/stm32cubeide/plugins/com.st.stm32cube.ide.mcu.externaltools.gnu-tools-for-stm32.9-2020-q2-update.win32_2.0.0.202105311346/tools/bin/../lib/gcc/arm-none-eabi/9.3.1/thumb/v7e-m+fp/hard\libgcc.a
LOAD d:/_0_stm32data/6_cubeide/stm32cubeide_1.6.1/stm32cubeide/plugins/com.st.stm32cube.ide.mcu.externaltools.gnu-tools-for-stm32.9-2020-q2-update.win32_2.0.0.202105311346/tools/bin/../lib/gcc/arm-none-eabi/9.3.1/../../../../arm-none-eabi/lib/thumb/v7e-m+fp/hard\libc_nano.a
END GROUP
START GROUP
LOAD d:/_0_stm32data/6_cubeide/stm32cubeide_1.6.1/stm32cubeide/plugins/com.st.stm32cube.ide.mcu.externaltools.gnu-tools-for-stm32.9-2020-q2-update.win32_2.0.0.202105311346/tools/bin/../lib/gcc/arm-none-eabi/9.3.1/thumb/v7e-m+fp/hard\libgcc.a
LOAD d:/_0_stm32data/6_cubeide/stm32cubeide_1.6.1/stm32cubeide/plugins/com.st.stm32cube.ide.mcu.externaltools.gnu-tools-for-stm32.9-2020-q2-update.win32_2.0.0.202105311346/tools/bin/../lib/gcc/arm-none-eabi/9.3.1/../../../../arm-none-eabi/lib/thumb/v7e-m+fp/hard\libc_nano.a
LOAD d:/_0_stm32data/6_cubeide/stm32cubeide_1.6.1/stm32cubeide/plugins/com.st.stm32cube.ide.mcu.externaltools.gnu-tools-for-stm32.9-2020-q2-update.win32_2.0.0.202105311346/tools/bin/../lib/gcc/arm-none-eabi/9.3.1/../../../../arm-none-eabi/lib/thumb/v7e-m+fp/hard\libnosys.a
END GROUP
START GROUP
LOAD d:/_0_stm32data/6_cubeide/stm32cubeide_1.6.1/stm32cubeide/plugins/com.st.stm32cube.ide.mcu.externaltools.gnu-tools-for-stm32.9-2020-q2-update.win32_2.0.0.202105311346/tools/bin/../lib/gcc/arm-none-eabi/9.3.1/thumb/v7e-m+fp/hard\libgcc.a
LOAD d:/_0_stm32data/6_cubeide/stm32cubeide_1.6.1/stm32cubeide/plugins/com.st.stm32cube.ide.mcu.externaltools.gnu-tools-for-stm32.9-2020-q2-update.win32_2.0.0.202105311346/tools/bin/../lib/gcc/arm-none-eabi/9.3.1/../../../../arm-none-eabi/lib/thumb/v7e-m+fp/hard\libc_nano.a
LOAD d:/_0_stm32data/6_cubeide/stm32cubeide_1.6.1/stm32cubeide/plugins/com.st.stm32cube.ide.mcu.externaltools.gnu-tools-for-stm32.9-2020-q2-update.win32_2.0.0.202105311346/tools/bin/../lib/gcc/arm-none-eabi/9.3.1/../../../../arm-none-eabi/lib/thumb/v7e-m+fp/hard\libnosys.a
END GROUP
LOAD d:/_0_stm32data/6_cubeide/stm32cubeide_1.6.1/stm32cubeide/plugins/com.st.stm32cube.ide.mcu.externaltools.gnu-tools-for-stm32.9-2020-q2-update.win32_2.0.0.202105311346/tools/bin/../lib/gcc/arm-none-eabi/9.3.1/thumb/v7e-m+fp/hard/crtend.o
LOAD d:/_0_stm32data/6_cubeide/stm32cubeide_1.6.1/stm32cubeide/plugins/com.st.stm32cube.ide.mcu.externaltools.gnu-tools-for-stm32.9-2020-q2-update.win32_2.0.0.202105311346/tools/bin/../lib/gcc/arm-none-eabi/9.3.1/thumb/v7e-m+fp/hard/crtn.o
                0x0000000020020000                _estack = (ORIGIN (RAM) + LENGTH (RAM))
                0x0000000000000200                _Min_Heap_Size = 0x200
                0x0000000000000400                _Min_Stack_Size = 0x400

.isr_vector     0x0000000008000000      0x198
                0x0000000008000000                . = ALIGN (0x4)
 *(.isr_vector)
 .isr_vector    0x0000000008000000      0x198 ./Core/Startup/startup_stm32f411ceux.o
                0x0000000008000000                g_pfnVectors
                0x0000000008000198                . = ALIGN (0x4)

.text           0x0000000008000198     0x2718
                0x0000000008000198                . = ALIGN (0x4)
 *(.text)
 .text          0x0000000008000198       0x40 d:/_0_stm32data/6_cubeide/stm32cubeide_1.6.1/stm32cubeide/plugins/com.st.stm32cube.ide.mcu.externaltools.gnu-tools-for-stm32.9-2020-q2-update.win32_2.0.0.202105311346/tools/bin/../lib/gcc/arm-none-eabi/9.3.1/thumb/v7e-m+fp/hard/crtbegin.o
 .text          0x00000000080001d8       0x30 d:/_0_stm32data/6_cubeide/stm32cubeide_1.6.1/stm32cubeide/plugins/com.st.stm32cube.ide.mcu.externaltools.gnu-tools-for-stm32.9-2020-q2-update.win32_2.0.0.202105311346/tools/bin/../lib/gcc/arm-none-eabi/9.3.1/thumb/v7e-m+fp/hard\libgcc.a(_aeabi_uldivmod.o)
                0x00000000080001d8                __aeabi_uldivmod
 .text          0x0000000008000208      0x2c4 d:/_0_stm32data/6_cubeide/stm32cubeide_1.6.1/stm32cubeide/plugins/com.st.stm32cube.ide.mcu.externaltools.gnu-tools-for-stm32.9-2020-q2-update.win32_2.0.0.202105311346/tools/bin/../lib/gcc/arm-none-eabi/9.3.1/thumb/v7e-m+fp/hard\libgcc.a(_udivmoddi4.o)
                0x0000000008000208                __udivmoddi4
 .text          0x00000000080004cc        0x4 d:/_0_stm32data/6_cubeide/stm32cubeide_1.6.1/stm32cubeide/plugins/com.st.stm32cube.ide.mcu.externaltools.gnu-tools-for-stm32.9-2020-q2-update.win32_2.0.0.202105311346/tools/bin/../lib/gcc/arm-none-eabi/9.3.1/thumb/v7e-m+fp/hard\libgcc.a(_dvmd_tls.o)
                0x00000000080004cc                __aeabi_idiv0
                0x00000000080004cc                __aeabi_ldiv0
 *(.text*)
 .text.main     0x00000000080004d0       0xac ./Core/Src/main.o
                0x00000000080004d0                main
 .text.SystemClock_Config
                0x000000000800057c       0xd0 ./Core/Src/main.o
                0x000000000800057c                SystemClock_Config
 .text.MX_TIM2_Init
                0x000000000800064c      0x108 ./Core/Src/main.o
 .text.MX_TIM5_Init
                0x0000000008000754      0x108 ./Core/Src/main.o
 .text.MX_TIM9_Init
                0x000000000800085c       0x74 ./Core/Src/main.o
 .text.MX_GPIO_Init
                0x00000000080008d0       0x94 ./Core/Src/main.o
 .text.wait_good
                0x0000000008000964       0x68 ./Core/Src/main.o
                0x0000000008000964                wait_good
 .text.wait_ready
                0x00000000080009cc       0x64 ./Core/Src/main.o
                0x00000000080009cc                wait_ready
 .text.millis   0x0000000008000a30        0xe ./Core/Src/main.o
                0x0000000008000a30                millis
 .text.Error_Handler
                0x0000000008000a3e        0xa ./Core/Src/main.o
                0x0000000008000a3e                Error_Handler
 .text.HAL_MspInit
                0x0000000008000a48       0x50 ./Core/Src/stm32f4xx_hal_msp.o
                0x0000000008000a48                HAL_MspInit
 .text.HAL_TIM_Base_MspInit
                0x0000000008000a98       0x98 ./Core/Src/stm32f4xx_hal_msp.o
                0x0000000008000a98                HAL_TIM_Base_MspInit
 .text.HAL_TIM_MspPostInit
                0x0000000008000b30       0xfc ./Core/Src/stm32f4xx_hal_msp.o
                0x0000000008000b30                HAL_TIM_MspPostInit
 .text.NMI_Handler
                0x0000000008000c2c        0x6 ./Core/Src/stm32f4xx_it.o
                0x0000000008000c2c                NMI_Handler
 .text.HardFault_Handler
                0x0000000008000c32        0x6 ./Core/Src/stm32f4xx_it.o
                0x0000000008000c32                HardFault_Handler
 .text.MemManage_Handler
                0x0000000008000c38        0x6 ./Core/Src/stm32f4xx_it.o
                0x0000000008000c38                MemManage_Handler
 .text.BusFault_Handler
                0x0000000008000c3e        0x6 ./Core/Src/stm32f4xx_it.o
                0x0000000008000c3e                BusFault_Handler
 .text.UsageFault_Handler
                0x0000000008000c44        0x6 ./Core/Src/stm32f4xx_it.o
                0x0000000008000c44                UsageFault_Handler
 .text.SVC_Handler
                0x0000000008000c4a        0xe ./Core/Src/stm32f4xx_it.o
                0x0000000008000c4a                SVC_Handler
 .text.DebugMon_Handler
                0x0000000008000c58        0xe ./Core/Src/stm32f4xx_it.o
                0x0000000008000c58                DebugMon_Handler
 .text.PendSV_Handler
                0x0000000008000c66        0xe ./Core/Src/stm32f4xx_it.o
                0x0000000008000c66                PendSV_Handler
 .text.SysTick_Handler
                0x0000000008000c74        0xc ./Core/Src/stm32f4xx_it.o
                0x0000000008000c74                SysTick_Handler
 .text.SystemInit
                0x0000000008000c80       0x24 ./Core/Src/system_stm32f4xx.o
                0x0000000008000c80                SystemInit
 .text.Reset_Handler
                0x0000000008000ca4       0x50 ./Core/Startup/startup_stm32f411ceux.o
                0x0000000008000ca4                Reset_Handler
 .text.Default_Handler
                0x0000000008000cf4        0x2 ./Core/Startup/startup_stm32f411ceux.o
                0x0000000008000cf4                RTC_Alarm_IRQHandler
                0x0000000008000cf4                EXTI2_IRQHandler
                0x0000000008000cf4                SPI4_IRQHandler
                0x0000000008000cf4                TIM1_CC_IRQHandler
                0x0000000008000cf4                DMA2_Stream5_IRQHandler
                0x0000000008000cf4                DMA1_Stream5_IRQHandler
                0x0000000008000cf4                PVD_IRQHandler
                0x0000000008000cf4                SDIO_IRQHandler
                0x0000000008000cf4                TAMP_STAMP_IRQHandler
                0x0000000008000cf4                EXTI3_IRQHandler
                0x0000000008000cf4                TIM1_UP_TIM10_IRQHandler
                0x0000000008000cf4                I2C3_ER_IRQHandler
                0x0000000008000cf4                EXTI0_IRQHandler
                0x0000000008000cf4                I2C2_EV_IRQHandler
                0x0000000008000cf4                DMA1_Stream2_IRQHandler
                0x0000000008000cf4                FPU_IRQHandler
                0x0000000008000cf4                DMA2_Stream2_IRQHandler
                0x0000000008000cf4                SPI1_IRQHandler
                0x0000000008000cf4                TIM1_BRK_TIM9_IRQHandler
                0x0000000008000cf4                DMA2_Stream3_IRQHandler
                0x0000000008000cf4                USART6_IRQHandler
                0x0000000008000cf4                DMA2_Stream0_IRQHandler
                0x0000000008000cf4                TIM4_IRQHandler
                0x0000000008000cf4                I2C1_EV_IRQHandler
                0x0000000008000cf4                DMA1_Stream6_IRQHandler
                0x0000000008000cf4                DMA1_Stream1_IRQHandler
                0x0000000008000cf4                TIM3_IRQHandler
                0x0000000008000cf4                RCC_IRQHandler
                0x0000000008000cf4                Default_Handler
                0x0000000008000cf4                EXTI15_10_IRQHandler
                0x0000000008000cf4                ADC_IRQHandler
                0x0000000008000cf4                DMA1_Stream7_IRQHandler
                0x0000000008000cf4                SPI5_IRQHandler
                0x0000000008000cf4                TIM5_IRQHandler
                0x0000000008000cf4                DMA2_Stream7_IRQHandler
                0x0000000008000cf4                I2C3_EV_IRQHandler
                0x0000000008000cf4                EXTI9_5_IRQHandler
                0x0000000008000cf4                RTC_WKUP_IRQHandler
                0x0000000008000cf4                SPI2_IRQHandler
                0x0000000008000cf4                DMA1_Stream0_IRQHandler
                0x0000000008000cf4                EXTI4_IRQHandler
                0x0000000008000cf4                WWDG_IRQHandler
                0x0000000008000cf4                TIM2_IRQHandler
                0x0000000008000cf4                OTG_FS_WKUP_IRQHandler
                0x0000000008000cf4                TIM1_TRG_COM_TIM11_IRQHandler
                0x0000000008000cf4                EXTI1_IRQHandler
                0x0000000008000cf4                USART2_IRQHandler
                0x0000000008000cf4                I2C2_ER_IRQHandler
                0x0000000008000cf4                DMA2_Stream1_IRQHandler
                0x0000000008000cf4                FLASH_IRQHandler
                0x0000000008000cf4                DMA2_Stream4_IRQHandler
                0x0000000008000cf4                USART1_IRQHandler
                0x0000000008000cf4                OTG_FS_IRQHandler
                0x0000000008000cf4                SPI3_IRQHandler
                0x0000000008000cf4                DMA1_Stream4_IRQHandler
                0x0000000008000cf4                I2C1_ER_IRQHandler
                0x0000000008000cf4                DMA2_Stream6_IRQHandler
                0x0000000008000cf4                DMA1_Stream3_IRQHandler
 *fill*         0x0000000008000cf6        0x2 
 .text.HAL_Init
                0x0000000008000cf8       0x44 ./Drivers/STM32F4xx_HAL_Driver/Src/stm32f4xx_hal.o
                0x0000000008000cf8                HAL_Init
 .text.HAL_InitTick
                0x0000000008000d3c       0x60 ./Drivers/STM32F4xx_HAL_Driver/Src/stm32f4xx_hal.o
                0x0000000008000d3c                HAL_InitTick
 .text.HAL_IncTick
                0x0000000008000d9c       0x28 ./Drivers/STM32F4xx_HAL_Driver/Src/stm32f4xx_hal.o
                0x0000000008000d9c                HAL_IncTick
 .text.HAL_GetTick
                0x0000000008000dc4       0x18 ./Drivers/STM32F4xx_HAL_Driver/Src/stm32f4xx_hal.o
                0x0000000008000dc4                HAL_GetTick
 .text.HAL_Delay
                0x0000000008000ddc       0x48 ./Drivers/STM32F4xx_HAL_Driver/Src/stm32f4xx_hal.o
                0x0000000008000ddc                HAL_Delay
 .text.__NVIC_SetPriorityGrouping
                0x0000000008000e24       0x48 ./Drivers/STM32F4xx_HAL_Driver/Src/stm32f4xx_hal_cortex.o
 .text.__NVIC_GetPriorityGrouping
                0x0000000008000e6c       0x1c ./Drivers/STM32F4xx_HAL_Driver/Src/stm32f4xx_hal_cortex.o
 .text.__NVIC_SetPriority
                0x0000000008000e88       0x54 ./Drivers/STM32F4xx_HAL_Driver/Src/stm32f4xx_hal_cortex.o
 .text.NVIC_EncodePriority
                0x0000000008000edc       0x66 ./Drivers/STM32F4xx_HAL_Driver/Src/stm32f4xx_hal_cortex.o
 *fill*         0x0000000008000f42        0x2 
 .text.SysTick_Config
                0x0000000008000f44       0x44 ./Drivers/STM32F4xx_HAL_Driver/Src/stm32f4xx_hal_cortex.o
 .text.HAL_NVIC_SetPriorityGrouping
                0x0000000008000f88       0x16 ./Drivers/STM32F4xx_HAL_Driver/Src/stm32f4xx_hal_cortex.o
                0x0000000008000f88                HAL_NVIC_SetPriorityGrouping
 .text.HAL_NVIC_SetPriority
                0x0000000008000f9e       0x38 ./Drivers/STM32F4xx_HAL_Driver/Src/stm32f4xx_hal_cortex.o
                0x0000000008000f9e                HAL_NVIC_SetPriority
 .text.HAL_SYSTICK_Config
                0x0000000008000fd6       0x18 ./Drivers/STM32F4xx_HAL_Driver/Src/stm32f4xx_hal_cortex.o
                0x0000000008000fd6                HAL_SYSTICK_Config
 *fill*         0x0000000008000fee        0x2 
 .text.HAL_GPIO_Init
                0x0000000008000ff0      0x308 ./Drivers/STM32F4xx_HAL_Driver/Src/stm32f4xx_hal_gpio.o
                0x0000000008000ff0                HAL_GPIO_Init
 .text.HAL_GPIO_ReadPin
                0x00000000080012f8       0x30 ./Drivers/STM32F4xx_HAL_Driver/Src/stm32f4xx_hal_gpio.o
                0x00000000080012f8                HAL_GPIO_ReadPin
 .text.HAL_RCC_OscConfig
                0x0000000008001328      0x4f0 ./Drivers/STM32F4xx_HAL_Driver/Src/stm32f4xx_hal_rcc.o
                0x0000000008001328                HAL_RCC_OscConfig
 .text.HAL_RCC_ClockConfig
                0x0000000008001818      0x1cc ./Drivers/STM32F4xx_HAL_Driver/Src/stm32f4xx_hal_rcc.o
                0x0000000008001818                HAL_RCC_ClockConfig
 .text.HAL_RCC_GetSysClockFreq
                0x00000000080019e4      0x16c ./Drivers/STM32F4xx_HAL_Driver/Src/stm32f4xx_hal_rcc.o
                0x00000000080019e4                HAL_RCC_GetSysClockFreq
 .text.HAL_TIM_Base_Init
                0x0000000008001b50       0x9e ./Drivers/STM32F4xx_HAL_Driver/Src/stm32f4xx_hal_tim.o
                0x0000000008001b50                HAL_TIM_Base_Init
 *fill*         0x0000000008001bee        0x2 
 .text.HAL_TIM_Base_Start
                0x0000000008001bf0       0xb4 ./Drivers/STM32F4xx_HAL_Driver/Src/stm32f4xx_hal_tim.o
                0x0000000008001bf0                HAL_TIM_Base_Start
 .text.HAL_TIM_PWM_Init
                0x0000000008001ca4       0x9e ./Drivers/STM32F4xx_HAL_Driver/Src/stm32f4xx_hal_tim.o
                0x0000000008001ca4                HAL_TIM_PWM_Init
 .text.HAL_TIM_PWM_MspInit
                0x0000000008001d42       0x14 ./Drivers/STM32F4xx_HAL_Driver/Src/stm32f4xx_hal_tim.o
                0x0000000008001d42                HAL_TIM_PWM_MspInit
 *fill*         0x0000000008001d56        0x2 
 .text.HAL_TIM_PWM_Start
                0x0000000008001d58      0x160 ./Drivers/STM32F4xx_HAL_Driver/Src/stm32f4xx_hal_tim.o
                0x0000000008001d58                HAL_TIM_PWM_Start
 .text.HAL_TIM_PWM_ConfigChannel
                0x0000000008001eb8      0x184 ./Drivers/STM32F4xx_HAL_Driver/Src/stm32f4xx_hal_tim.o
                0x0000000008001eb8                HAL_TIM_PWM_ConfigChannel
 .text.HAL_TIM_ConfigClockSource
                0x000000000800203c      0x18e ./Drivers/STM32F4xx_HAL_Driver/Src/stm32f4xx_hal_tim.o
                0x000000000800203c                HAL_TIM_ConfigClockSource
 *fill*         0x00000000080021ca        0x2 
 .text.TIM_Base_SetConfig
                0x00000000080021cc      0x100 ./Drivers/STM32F4xx_HAL_Driver/Src/stm32f4xx_hal_tim.o
                0x00000000080021cc                TIM_Base_SetConfig
 .text.TIM_OC1_SetConfig
                0x00000000080022cc       0xcc ./Drivers/STM32F4xx_HAL_Driver/Src/stm32f4xx_hal_tim.o
 .text.TIM_OC2_SetConfig
                0x0000000008002398       0xd8 ./Drivers/STM32F4xx_HAL_Driver/Src/stm32f4xx_hal_tim.o
                0x0000000008002398                TIM_OC2_SetConfig
 .text.TIM_OC3_SetConfig
                0x0000000008002470       0xd4 ./Drivers/STM32F4xx_HAL_Driver/Src/stm32f4xx_hal_tim.o
 .text.TIM_OC4_SetConfig
                0x0000000008002544       0xa0 ./Drivers/STM32F4xx_HAL_Driver/Src/stm32f4xx_hal_tim.o
 .text.TIM_TI1_ConfigInputStage
                0x00000000080025e4       0x5e ./Drivers/STM32F4xx_HAL_Driver/Src/stm32f4xx_hal_tim.o
 .text.TIM_TI2_ConfigInputStage
                0x0000000008002642       0x60 ./Drivers/STM32F4xx_HAL_Driver/Src/stm32f4xx_hal_tim.o
 .text.TIM_ITRx_SetConfig
                0x00000000080026a2       0x36 ./Drivers/STM32F4xx_HAL_Driver/Src/stm32f4xx_hal_tim.o
 .text.TIM_ETR_SetConfig
                0x00000000080026d8       0x40 ./Drivers/STM32F4xx_HAL_Driver/Src/stm32f4xx_hal_tim.o
                0x00000000080026d8                TIM_ETR_SetConfig
 .text.TIM_CCxChannelCmd
                0x0000000008002718       0x4a ./Drivers/STM32F4xx_HAL_Driver/Src/stm32f4xx_hal_tim.o
                0x0000000008002718                TIM_CCxChannelCmd
 *fill*         0x0000000008002762        0x2 
 .text.HAL_TIMEx_MasterConfigSynchronization
                0x0000000008002764       0xdc ./Drivers/STM32F4xx_HAL_Driver/Src/stm32f4xx_hal_tim_ex.o
                0x0000000008002764                HAL_TIMEx_MasterConfigSynchronization
 .text.__libc_init_array
                0x0000000008002840       0x48 d:/_0_stm32data/6_cubeide/stm32cubeide_1.6.1/stm32cubeide/plugins/com.st.stm32cube.ide.mcu.externaltools.gnu-tools-for-stm32.9-2020-q2-update.win32_2.0.0.202105311346/tools/bin/../lib/gcc/arm-none-eabi/9.3.1/../../../../arm-none-eabi/lib/thumb/v7e-m+fp/hard\libc_nano.a(lib_a-init.o)
                0x0000000008002840                __libc_init_array
 .text.memset   0x0000000008002888       0x10 d:/_0_stm32data/6_cubeide/stm32cubeide_1.6.1/stm32cubeide/plugins/com.st.stm32cube.ide.mcu.externaltools.gnu-tools-for-stm32.9-2020-q2-update.win32_2.0.0.202105311346/tools/bin/../lib/gcc/arm-none-eabi/9.3.1/../../../../arm-none-eabi/lib/thumb/v7e-m+fp/hard\libc_nano.a(lib_a-memset.o)
                0x0000000008002888                memset
 *(.glue_7)
 .glue_7        0x0000000008002898        0x0 linker stubs
 *(.glue_7t)
 .glue_7t       0x0000000008002898        0x0 linker stubs
 *(.eh_frame)
 .eh_frame      0x0000000008002898        0x0 d:/_0_stm32data/6_cubeide/stm32cubeide_1.6.1/stm32cubeide/plugins/com.st.stm32cube.ide.mcu.externaltools.gnu-tools-for-stm32.9-2020-q2-update.win32_2.0.0.202105311346/tools/bin/../lib/gcc/arm-none-eabi/9.3.1/thumb/v7e-m+fp/hard/crtbegin.o
 *(.init)
 .init          0x0000000008002898        0x4 d:/_0_stm32data/6_cubeide/stm32cubeide_1.6.1/stm32cubeide/plugins/com.st.stm32cube.ide.mcu.externaltools.gnu-tools-for-stm32.9-2020-q2-update.win32_2.0.0.202105311346/tools/bin/../lib/gcc/arm-none-eabi/9.3.1/thumb/v7e-m+fp/hard/crti.o
                0x0000000008002898                _init
 .init          0x000000000800289c        0x8 d:/_0_stm32data/6_cubeide/stm32cubeide_1.6.1/stm32cubeide/plugins/com.st.stm32cube.ide.mcu.externaltools.gnu-tools-for-stm32.9-2020-q2-update.win32_2.0.0.202105311346/tools/bin/../lib/gcc/arm-none-eabi/9.3.1/thumb/v7e-m+fp/hard/crtn.o
 *(.fini)
 .fini          0x00000000080028a4        0x4 d:/_0_stm32data/6_cubeide/stm32cubeide_1.6.1/stm32cubeide/plugins/com.st.stm32cube.ide.mcu.externaltools.gnu-tools-for-stm32.9-2020-q2-update.win32_2.0.0.202105311346/tools/bin/../lib/gcc/arm-none-eabi/9.3.1/thumb/v7e-m+fp/hard/crti.o
                0x00000000080028a4                _fini
 .fini          0x00000000080028a8        0x8 d:/_0_stm32data/6_cubeide/stm32cubeide_1.6.1/stm32cubeide/plugins/com.st.stm32cube.ide.mcu.externaltools.gnu-tools-for-stm32.9-2020-q2-update.win32_2.0.0.202105311346/tools/bin/../lib/gcc/arm-none-eabi/9.3.1/thumb/v7e-m+fp/hard/crtn.o
                0x00000000080028b0                . = ALIGN (0x4)
                0x00000000080028b0                _etext = .

.vfp11_veneer   0x00000000080028b0        0x0
 .vfp11_veneer  0x00000000080028b0        0x0 linker stubs

.v4_bx          0x00000000080028b0        0x0
 .v4_bx         0x00000000080028b0        0x0 linker stubs

.iplt           0x00000000080028b0        0x0
 .iplt          0x00000000080028b0        0x0 d:/_0_stm32data/6_cubeide/stm32cubeide_1.6.1/stm32cubeide/plugins/com.st.stm32cube.ide.mcu.externaltools.gnu-tools-for-stm32.9-2020-q2-update.win32_2.0.0.202105311346/tools/bin/../lib/gcc/arm-none-eabi/9.3.1/thumb/v7e-m+fp/hard/crtbegin.o

.rodata         0x00000000080028b0       0x10
                0x00000000080028b0                . = ALIGN (0x4)
 *(.rodata)
 *(.rodata*)
 .rodata.AHBPrescTable
                0x00000000080028b0       0x10 ./Core/Src/system_stm32f4xx.o
                0x00000000080028b0                AHBPrescTable
                0x00000000080028c0                . = ALIGN (0x4)

.ARM.extab      0x00000000080028c0        0x0
                0x00000000080028c0                . = ALIGN (0x4)
 *(.ARM.extab* .gnu.linkonce.armextab.*)
                0x00000000080028c0                . = ALIGN (0x4)

.ARM            0x00000000080028c0        0x8
                0x00000000080028c0                . = ALIGN (0x4)
                0x00000000080028c0                __exidx_start = .
 *(.ARM.exidx*)
 .ARM.exidx     0x00000000080028c0        0x8 d:/_0_stm32data/6_cubeide/stm32cubeide_1.6.1/stm32cubeide/plugins/com.st.stm32cube.ide.mcu.externaltools.gnu-tools-for-stm32.9-2020-q2-update.win32_2.0.0.202105311346/tools/bin/../lib/gcc/arm-none-eabi/9.3.1/thumb/v7e-m+fp/hard\libgcc.a(_udivmoddi4.o)
                0x00000000080028c8                __exidx_end = .
                0x00000000080028c8                . = ALIGN (0x4)

.rel.dyn        0x00000000080028c8        0x0
 .rel.iplt      0x00000000080028c8        0x0 d:/_0_stm32data/6_cubeide/stm32cubeide_1.6.1/stm32cubeide/plugins/com.st.stm32cube.ide.mcu.externaltools.gnu-tools-for-stm32.9-2020-q2-update.win32_2.0.0.202105311346/tools/bin/../lib/gcc/arm-none-eabi/9.3.1/thumb/v7e-m+fp/hard/crtbegin.o

.preinit_array  0x00000000080028c8        0x0
                0x00000000080028c8                . = ALIGN (0x4)
                0x00000000080028c8                PROVIDE (__preinit_array_start = .)
 *(.preinit_array*)
                0x00000000080028c8                PROVIDE (__preinit_array_end = .)
                0x00000000080028c8                . = ALIGN (0x4)

.init_array     0x00000000080028c8        0x4
                0x00000000080028c8                . = ALIGN (0x4)
                0x00000000080028c8                PROVIDE (__init_array_start = .)
 *(SORT_BY_NAME(.init_array.*))
 *(.init_array*)
 .init_array    0x00000000080028c8        0x4 d:/_0_stm32data/6_cubeide/stm32cubeide_1.6.1/stm32cubeide/plugins/com.st.stm32cube.ide.mcu.externaltools.gnu-tools-for-stm32.9-2020-q2-update.win32_2.0.0.202105311346/tools/bin/../lib/gcc/arm-none-eabi/9.3.1/thumb/v7e-m+fp/hard/crtbegin.o
                0x00000000080028cc                PROVIDE (__init_array_end = .)
                0x00000000080028cc                . = ALIGN (0x4)

.fini_array     0x00000000080028cc        0x4
                0x00000000080028cc                . = ALIGN (0x4)
                [!provide]                        PROVIDE (__fini_array_start = .)
 *(SORT_BY_NAME(.fini_array.*))
 *(.fini_array*)
 .fini_array    0x00000000080028cc        0x4 d:/_0_stm32data/6_cubeide/stm32cubeide_1.6.1/stm32cubeide/plugins/com.st.stm32cube.ide.mcu.externaltools.gnu-tools-for-stm32.9-2020-q2-update.win32_2.0.0.202105311346/tools/bin/../lib/gcc/arm-none-eabi/9.3.1/thumb/v7e-m+fp/hard/crtbegin.o
                [!provide]                        PROVIDE (__fini_array_end = .)
                0x00000000080028d0                . = ALIGN (0x4)
                0x00000000080028d0                _sidata = LOADADDR (.data)

.data           0x0000000020000000        0xc load address 0x00000000080028d0
                0x0000000020000000                . = ALIGN (0x4)
                0x0000000020000000                _sdata = .
 *(.data)
 *(.data*)
 .data.SystemCoreClock
                0x0000000020000000        0x4 ./Core/Src/system_stm32f4xx.o
                0x0000000020000000                SystemCoreClock
 .data.uwTickPrio
                0x0000000020000004        0x4 ./Drivers/STM32F4xx_HAL_Driver/Src/stm32f4xx_hal.o
                0x0000000020000004                uwTickPrio
 .data.uwTickFreq
                0x0000000020000008        0x1 ./Drivers/STM32F4xx_HAL_Driver/Src/stm32f4xx_hal.o
                0x0000000020000008                uwTickFreq
 *(.RamFunc)
 *(.RamFunc*)
                0x000000002000000c                . = ALIGN (0x4)
 *fill*         0x0000000020000009        0x3 
                0x000000002000000c                _edata = .

.igot.plt       0x000000002000000c        0x0 load address 0x00000000080028dc
 .igot.plt      0x000000002000000c        0x0 d:/_0_stm32data/6_cubeide/stm32cubeide_1.6.1/stm32cubeide/plugins/com.st.stm32cube.ide.mcu.externaltools.gnu-tools-for-stm32.9-2020-q2-update.win32_2.0.0.202105311346/tools/bin/../lib/gcc/arm-none-eabi/9.3.1/thumb/v7e-m+fp/hard/crtbegin.o
                0x000000002000000c                . = ALIGN (0x4)

.bss            0x000000002000000c      0x100 load address 0x00000000080028dc
                0x000000002000000c                _sbss = .
                0x000000002000000c                __bss_start__ = _sbss
 *(.bss)
 .bss           0x000000002000000c       0x1c d:/_0_stm32data/6_cubeide/stm32cubeide_1.6.1/stm32cubeide/plugins/com.st.stm32cube.ide.mcu.externaltools.gnu-tools-for-stm32.9-2020-q2-update.win32_2.0.0.202105311346/tools/bin/../lib/gcc/arm-none-eabi/9.3.1/thumb/v7e-m+fp/hard/crtbegin.o
 *(.bss*)
 .bss.good_count
                0x0000000020000028        0x4 ./Core/Src/main.o
                0x0000000020000028                good_count
 .bss.ready_count
                0x000000002000002c        0x4 ./Core/Src/main.o
                0x000000002000002c                ready_count
 *(COMMON)
 COMMON         0x0000000020000030       0xd8 ./Core/Src/main.o
                0x0000000020000030                htim5
                0x0000000020000078                htim9
                0x00000000200000c0                htim2
 COMMON         0x0000000020000108        0x4 ./Drivers/STM32F4xx_HAL_Driver/Src/stm32f4xx_hal.o
                0x0000000020000108                uwTick
                0x000000002000010c                . = ALIGN (0x4)
                0x000000002000010c                _ebss = .
                0x000000002000010c                __bss_end__ = _ebss

._user_heap_stack
                0x000000002000010c      0x604 load address 0x00000000080028dc
                0x0000000020000110                . = ALIGN (0x8)
 *fill*         0x000000002000010c        0x4 
                [!provide]                        PROVIDE (end = .)
                0x0000000020000110                PROVIDE (_end = .)
                0x0000000020000310                . = (. + _Min_Heap_Size)
 *fill*         0x0000000020000110      0x200 
                0x0000000020000710                . = (. + _Min_Stack_Size)
 *fill*         0x0000000020000310      0x400 
                0x0000000020000710                . = ALIGN (0x8)

/DISCARD/
 libc.a(*)
 libm.a(*)
 libgcc.a(*)

.ARM.attributes
                0x0000000000000000       0x30
 *(.ARM.attributes)
 .ARM.attributes
                0x0000000000000000       0x1e d:/_0_stm32data/6_cubeide/stm32cubeide_1.6.1/stm32cubeide/plugins/com.st.stm32cube.ide.mcu.externaltools.gnu-tools-for-stm32.9-2020-q2-update.win32_2.0.0.202105311346/tools/bin/../lib/gcc/arm-none-eabi/9.3.1/thumb/v7e-m+fp/hard/crti.o
 .ARM.attributes
                0x000000000000001e       0x34 d:/_0_stm32data/6_cubeide/stm32cubeide_1.6.1/stm32cubeide/plugins/com.st.stm32cube.ide.mcu.externaltools.gnu-tools-for-stm32.9-2020-q2-update.win32_2.0.0.202105311346/tools/bin/../lib/gcc/arm-none-eabi/9.3.1/thumb/v7e-m+fp/hard/crtbegin.o
 .ARM.attributes
                0x0000000000000052       0x34 ./Core/Src/main.o
 .ARM.attributes
                0x0000000000000086       0x34 ./Core/Src/stm32f4xx_hal_msp.o
 .ARM.attributes
                0x00000000000000ba       0x34 ./Core/Src/stm32f4xx_it.o
 .ARM.attributes
                0x00000000000000ee       0x34 ./Core/Src/system_stm32f4xx.o
 .ARM.attributes
                0x0000000000000122       0x21 ./Core/Startup/startup_stm32f411ceux.o
 .ARM.attributes
                0x0000000000000143       0x34 ./Drivers/STM32F4xx_HAL_Driver/Src/stm32f4xx_hal.o
 .ARM.attributes
                0x0000000000000177       0x34 ./Drivers/STM32F4xx_HAL_Driver/Src/stm32f4xx_hal_cortex.o
 .ARM.attributes
                0x00000000000001ab       0x34 ./Drivers/STM32F4xx_HAL_Driver/Src/stm32f4xx_hal_gpio.o
 .ARM.attributes
                0x00000000000001df       0x34 ./Drivers/STM32F4xx_HAL_Driver/Src/stm32f4xx_hal_rcc.o
 .ARM.attributes
                0x0000000000000213       0x34 ./Drivers/STM32F4xx_HAL_Driver/Src/stm32f4xx_hal_tim.o
 .ARM.attributes
                0x0000000000000247       0x34 ./Drivers/STM32F4xx_HAL_Driver/Src/stm32f4xx_hal_tim_ex.o
 .ARM.attributes
                0x000000000000027b       0x34 d:/_0_stm32data/6_cubeide/stm32cubeide_1.6.1/stm32cubeide/plugins/com.st.stm32cube.ide.mcu.externaltools.gnu-tools-for-stm32.9-2020-q2-update.win32_2.0.0.202105311346/tools/bin/../lib/gcc/arm-none-eabi/9.3.1/../../../../arm-none-eabi/lib/thumb/v7e-m+fp/hard\libc_nano.a(lib_a-init.o)
 .ARM.attributes
                0x00000000000002af       0x34 d:/_0_stm32data/6_cubeide/stm32cubeide_1.6.1/stm32cubeide/plugins/com.st.stm32cube.ide.mcu.externaltools.gnu-tools-for-stm32.9-2020-q2-update.win32_2.0.0.202105311346/tools/bin/../lib/gcc/arm-none-eabi/9.3.1/../../../../arm-none-eabi/lib/thumb/v7e-m+fp/hard\libc_nano.a(lib_a-memset.o)
 .ARM.attributes
                0x00000000000002e3       0x1e d:/_0_stm32data/6_cubeide/stm32cubeide_1.6.1/stm32cubeide/plugins/com.st.stm32cube.ide.mcu.externaltools.gnu-tools-for-stm32.9-2020-q2-update.win32_2.0.0.202105311346/tools/bin/../lib/gcc/arm-none-eabi/9.3.1/thumb/v7e-m+fp/hard\libgcc.a(_aeabi_uldivmod.o)
 .ARM.attributes
                0x0000000000000301       0x34 d:/_0_stm32data/6_cubeide/stm32cubeide_1.6.1/stm32cubeide/plugins/com.st.stm32cube.ide.mcu.externaltools.gnu-tools-for-stm32.9-2020-q2-update.win32_2.0.0.202105311346/tools/bin/../lib/gcc/arm-none-eabi/9.3.1/thumb/v7e-m+fp/hard\libgcc.a(_udivmoddi4.o)
 .ARM.attributes
                0x0000000000000335       0x1e d:/_0_stm32data/6_cubeide/stm32cubeide_1.6.1/stm32cubeide/plugins/com.st.stm32cube.ide.mcu.externaltools.gnu-tools-for-stm32.9-2020-q2-update.win32_2.0.0.202105311346/tools/bin/../lib/gcc/arm-none-eabi/9.3.1/thumb/v7e-m+fp/hard\libgcc.a(_dvmd_tls.o)
 .ARM.attributes
                0x0000000000000353       0x1e d:/_0_stm32data/6_cubeide/stm32cubeide_1.6.1/stm32cubeide/plugins/com.st.stm32cube.ide.mcu.externaltools.gnu-tools-for-stm32.9-2020-q2-update.win32_2.0.0.202105311346/tools/bin/../lib/gcc/arm-none-eabi/9.3.1/thumb/v7e-m+fp/hard/crtn.o
OUTPUT(pulse_1.elf elf32-littlearm)
LOAD linker stubs
LOAD d:/_0_stm32data/6_cubeide/stm32cubeide_1.6.1/stm32cubeide/plugins/com.st.stm32cube.ide.mcu.externaltools.gnu-tools-for-stm32.9-2020-q2-update.win32_2.0.0.202105311346/tools/bin/../lib/gcc/arm-none-eabi/9.3.1/../../../../arm-none-eabi/lib/thumb/v7e-m+fp/hard\libc.a
LOAD d:/_0_stm32data/6_cubeide/stm32cubeide_1.6.1/stm32cubeide/plugins/com.st.stm32cube.ide.mcu.externaltools.gnu-tools-for-stm32.9-2020-q2-update.win32_2.0.0.202105311346/tools/bin/../lib/gcc/arm-none-eabi/9.3.1/../../../../arm-none-eabi/lib/thumb/v7e-m+fp/hard\libm.a
LOAD d:/_0_stm32data/6_cubeide/stm32cubeide_1.6.1/stm32cubeide/plugins/com.st.stm32cube.ide.mcu.externaltools.gnu-tools-for-stm32.9-2020-q2-update.win32_2.0.0.202105311346/tools/bin/../lib/gcc/arm-none-eabi/9.3.1/thumb/v7e-m+fp/hard\libgcc.a

.debug_info     0x0000000000000000     0x9791
 .debug_info    0x0000000000000000     0x185e ./Core/Src/main.o
 .debug_info    0x000000000000185e      0xbc0 ./Core/Src/stm32f4xx_hal_msp.o
 .debug_info    0x000000000000241e      0x222 ./Core/Src/stm32f4xx_it.o
 .debug_info    0x0000000000002640      0x5d0 ./Core/Src/system_stm32f4xx.o
 .debug_info    0x0000000000002c10       0x22 ./Core/Startup/startup_stm32f411ceux.o
 .debug_info    0x0000000000002c32      0x944 ./Drivers/STM32F4xx_HAL_Driver/Src/stm32f4xx_hal.o
 .debug_info    0x0000000000003576      0xe47 ./Drivers/STM32F4xx_HAL_Driver/Src/stm32f4xx_hal_cortex.o
 .debug_info    0x00000000000043bd      0x862 ./Drivers/STM32F4xx_HAL_Driver/Src/stm32f4xx_hal_gpio.o
 .debug_info    0x0000000000004c1f      0x9be ./Drivers/STM32F4xx_HAL_Driver/Src/stm32f4xx_hal_rcc.o
 .debug_info    0x00000000000055dd     0x2c1a ./Drivers/STM32F4xx_HAL_Driver/Src/stm32f4xx_hal_tim.o
 .debug_info    0x00000000000081f7     0x159a ./Drivers/STM32F4xx_HAL_Driver/Src/stm32f4xx_hal_tim_ex.o

.debug_abbrev   0x0000000000000000     0x15a7
 .debug_abbrev  0x0000000000000000      0x2fd ./Core/Src/main.o
 .debug_abbrev  0x00000000000002fd      0x1db ./Core/Src/stm32f4xx_hal_msp.o
 .debug_abbrev  0x00000000000004d8       0xd2 ./Core/Src/stm32f4xx_it.o
 .debug_abbrev  0x00000000000005aa      0x145 ./Core/Src/system_stm32f4xx.o
 .debug_abbrev  0x00000000000006ef       0x12 ./Core/Startup/startup_stm32f411ceux.o
 .debug_abbrev  0x0000000000000701      0x21e ./Drivers/STM32F4xx_HAL_Driver/Src/stm32f4xx_hal.o
 .debug_abbrev  0x000000000000091f      0x33c ./Drivers/STM32F4xx_HAL_Driver/Src/stm32f4xx_hal_cortex.o
 .debug_abbrev  0x0000000000000c5b      0x1f1 ./Drivers/STM32F4xx_HAL_Driver/Src/stm32f4xx_hal_gpio.o
 .debug_abbrev  0x0000000000000e4c      0x275 ./Drivers/STM32F4xx_HAL_Driver/Src/stm32f4xx_hal_rcc.o
 .debug_abbrev  0x00000000000010c1      0x26f ./Drivers/STM32F4xx_HAL_Driver/Src/stm32f4xx_hal_tim.o
 .debug_abbrev  0x0000000000001330      0x277 ./Drivers/STM32F4xx_HAL_Driver/Src/stm32f4xx_hal_tim_ex.o

.debug_aranges  0x0000000000000000      0x970
 .debug_aranges
                0x0000000000000000       0x68 ./Core/Src/main.o
 .debug_aranges
                0x0000000000000068       0x38 ./Core/Src/stm32f4xx_hal_msp.o
 .debug_aranges
                0x00000000000000a0       0x60 ./Core/Src/stm32f4xx_it.o
 .debug_aranges
                0x0000000000000100       0x28 ./Core/Src/system_stm32f4xx.o
 .debug_aranges
                0x0000000000000128       0x28 ./Core/Startup/startup_stm32f411ceux.o
 .debug_aranges
                0x0000000000000150       0xf0 ./Drivers/STM32F4xx_HAL_Driver/Src/stm32f4xx_hal.o
 .debug_aranges
                0x0000000000000240      0x118 ./Drivers/STM32F4xx_HAL_Driver/Src/stm32f4xx_hal_cortex.o
 .debug_aranges
                0x0000000000000358       0x58 ./Drivers/STM32F4xx_HAL_Driver/Src/stm32f4xx_hal_gpio.o
 .debug_aranges
                0x00000000000003b0       0x88 ./Drivers/STM32F4xx_HAL_Driver/Src/stm32f4xx_hal_rcc.o
 .debug_aranges
                0x0000000000000438      0x3d0 ./Drivers/STM32F4xx_HAL_Driver/Src/stm32f4xx_hal_tim.o
 .debug_aranges
                0x0000000000000808      0x168 ./Drivers/STM32F4xx_HAL_Driver/Src/stm32f4xx_hal_tim_ex.o

.debug_ranges   0x0000000000000000      0x8c8
 .debug_ranges  0x0000000000000000       0x58 ./Core/Src/main.o
 .debug_ranges  0x0000000000000058       0x28 ./Core/Src/stm32f4xx_hal_msp.o
 .debug_ranges  0x0000000000000080       0x50 ./Core/Src/stm32f4xx_it.o
 .debug_ranges  0x00000000000000d0       0x18 ./Core/Src/system_stm32f4xx.o
 .debug_ranges  0x00000000000000e8       0x20 ./Core/Startup/startup_stm32f411ceux.o
 .debug_ranges  0x0000000000000108       0xe0 ./Drivers/STM32F4xx_HAL_Driver/Src/stm32f4xx_hal.o
 .debug_ranges  0x00000000000001e8      0x108 ./Drivers/STM32F4xx_HAL_Driver/Src/stm32f4xx_hal_cortex.o
 .debug_ranges  0x00000000000002f0       0x48 ./Drivers/STM32F4xx_HAL_Driver/Src/stm32f4xx_hal_gpio.o
 .debug_ranges  0x0000000000000338       0x78 ./Drivers/STM32F4xx_HAL_Driver/Src/stm32f4xx_hal_rcc.o
 .debug_ranges  0x00000000000003b0      0x3c0 ./Drivers/STM32F4xx_HAL_Driver/Src/stm32f4xx_hal_tim.o
 .debug_ranges  0x0000000000000770      0x158 ./Drivers/STM32F4xx_HAL_Driver/Src/stm32f4xx_hal_tim_ex.o

.debug_macro    0x0000000000000000    0x15c71
 .debug_macro   0x0000000000000000      0x336 ./Core/Src/main.o
 .debug_macro   0x0000000000000336      0xaa8 ./Core/Src/main.o
 .debug_macro   0x0000000000000dde      0x295 ./Core/Src/main.o
 .debug_macro   0x0000000000001073       0x2e ./Core/Src/main.o
 .debug_macro   0x00000000000010a1       0x28 ./Core/Src/main.o
 .debug_macro   0x00000000000010c9       0x22 ./Core/Src/main.o
 .debug_macro   0x00000000000010eb       0x8e ./Core/Src/main.o
 .debug_macro   0x0000000000001179       0x51 ./Core/Src/main.o
 .debug_macro   0x00000000000011ca      0x103 ./Core/Src/main.o
 .debug_macro   0x00000000000012cd       0x6a ./Core/Src/main.o
 .debug_macro   0x0000000000001337      0x1df ./Core/Src/main.o
 .debug_macro   0x0000000000001516       0x1c ./Core/Src/main.o
 .debug_macro   0x0000000000001532       0x22 ./Core/Src/main.o
 .debug_macro   0x0000000000001554       0xdf ./Core/Src/main.o
 .debug_macro   0x0000000000001633     0x102d ./Core/Src/main.o
 .debug_macro   0x0000000000002660      0x11f ./Core/Src/main.o
 .debug_macro   0x000000000000277f     0xb953 ./Core/Src/main.o
 .debug_macro   0x000000000000e0d2       0x6d ./Core/Src/main.o
 .debug_macro   0x000000000000e13f     0x3666 ./Core/Src/main.o
 .debug_macro   0x00000000000117a5      0x174 ./Core/Src/main.o
 .debug_macro   0x0000000000011919       0x5c ./Core/Src/main.o
 .debug_macro   0x0000000000011975      0x447 ./Core/Src/main.o
 .debug_macro   0x0000000000011dbc      0x9fe ./Core/Src/main.o
 .debug_macro   0x00000000000127ba      0x116 ./Core/Src/main.o
 .debug_macro   0x00000000000128d0      0x11b ./Core/Src/main.o
 .debug_macro   0x00000000000129eb       0xa5 ./Core/Src/main.o
 .debug_macro   0x0000000000012a90      0x15f ./Core/Src/main.o
 .debug_macro   0x0000000000012bef      0x287 ./Core/Src/main.o
 .debug_macro   0x0000000000012e76       0x5f ./Core/Src/main.o
 .debug_macro   0x0000000000012ed5      0x236 ./Core/Src/main.o
 .debug_macro   0x000000000001310b      0x132 ./Core/Src/main.o
 .debug_macro   0x000000000001323d      0x264 ./Core/Src/main.o
 .debug_macro   0x00000000000134a1       0x2e ./Core/Src/main.o
 .debug_macro   0x00000000000134cf      0x11a ./Core/Src/main.o
 .debug_macro   0x00000000000135e9       0x85 ./Core/Src/main.o
 .debug_macro   0x000000000001366e       0x89 ./Core/Src/main.o
 .debug_macro   0x00000000000136f7      0x8d1 ./Core/Src/main.o
 .debug_macro   0x0000000000013fc8       0x47 ./Core/Src/main.o
 .debug_macro   0x000000000001400f      0x126 ./Core/Src/main.o
 .debug_macro   0x0000000000014135       0x22 ./Core/Src/main.o
 .debug_macro   0x0000000000014157       0x52 ./Core/Src/main.o
 .debug_macro   0x00000000000141a9       0x18 ./Core/Src/main.o
 .debug_macro   0x00000000000141c1       0x3c ./Core/Src/main.o
 .debug_macro   0x00000000000141fd       0x34 ./Core/Src/main.o
 .debug_macro   0x0000000000014231       0x16 ./Core/Src/main.o
 .debug_macro   0x0000000000014247       0x35 ./Core/Src/main.o
 .debug_macro   0x000000000001427c      0x333 ./Core/Src/main.o
 .debug_macro   0x00000000000145af       0x10 ./Core/Src/main.o
 .debug_macro   0x00000000000145bf       0x16 ./Core/Src/main.o
 .debug_macro   0x00000000000145d5       0x43 ./Core/Src/main.o
 .debug_macro   0x0000000000014618       0x34 ./Core/Src/main.o
 .debug_macro   0x000000000001464c       0x10 ./Core/Src/main.o
 .debug_macro   0x000000000001465c       0x58 ./Core/Src/main.o
 .debug_macro   0x00000000000146b4       0x71 ./Core/Src/main.o
 .debug_macro   0x0000000000014725       0x1c ./Core/Src/main.o
 .debug_macro   0x0000000000014741      0x12a ./Core/Src/main.o
 .debug_macro   0x000000000001486b       0x10 ./Core/Src/main.o
 .debug_macro   0x000000000001487b       0x1c ./Core/Src/main.o
 .debug_macro   0x0000000000014897       0x52 ./Core/Src/main.o
 .debug_macro   0x00000000000148e9       0x22 ./Core/Src/main.o
 .debug_macro   0x000000000001490b       0x10 ./Core/Src/main.o
 .debug_macro   0x000000000001491b       0x40 ./Core/Src/main.o
 .debug_macro   0x000000000001495b       0xd5 ./Core/Src/main.o
 .debug_macro   0x0000000000014a30       0x1c ./Core/Src/main.o
 .debug_macro   0x0000000000014a4c       0x3d ./Core/Src/main.o
 .debug_macro   0x0000000000014a89       0x16 ./Core/Src/main.o
 .debug_macro   0x0000000000014a9f      0x145 ./Core/Src/main.o
 .debug_macro   0x0000000000014be4      0x1ce ./Core/Src/stm32f4xx_hal_msp.o
 .debug_macro   0x0000000000014db2      0x1d8 ./Core/Src/stm32f4xx_it.o
 .debug_macro   0x0000000000014f8a      0x1c4 ./Core/Src/system_stm32f4xx.o
 .debug_macro   0x000000000001514e      0x224 ./Drivers/STM32F4xx_HAL_Driver/Src/stm32f4xx_hal.o
 .debug_macro   0x0000000000015372      0x1c4 ./Drivers/STM32F4xx_HAL_Driver/Src/stm32f4xx_hal_cortex.o
 .debug_macro   0x0000000000015536      0x1ca ./Drivers/STM32F4xx_HAL_Driver/Src/stm32f4xx_hal_gpio.o
 .debug_macro   0x0000000000015700      0x1e8 ./Drivers/STM32F4xx_HAL_Driver/Src/stm32f4xx_hal_rcc.o
 .debug_macro   0x00000000000158e8      0x1c5 ./Drivers/STM32F4xx_HAL_Driver/Src/stm32f4xx_hal_tim.o
 .debug_macro   0x0000000000015aad      0x1c4 ./Drivers/STM32F4xx_HAL_Driver/Src/stm32f4xx_hal_tim_ex.o

.debug_line     0x0000000000000000     0xa405
 .debug_line    0x0000000000000000      0xd91 ./Core/Src/main.o
 .debug_line    0x0000000000000d91      0x806 ./Core/Src/stm32f4xx_hal_msp.o
 .debug_line    0x0000000000001597      0x7f0 ./Core/Src/stm32f4xx_it.o
 .debug_line    0x0000000000001d87      0x7af ./Core/Src/system_stm32f4xx.o
 .debug_line    0x0000000000002536       0x88 ./Core/Startup/startup_stm32f411ceux.o
 .debug_line    0x00000000000025be      0xa15 ./Drivers/STM32F4xx_HAL_Driver/Src/stm32f4xx_hal.o
 .debug_line    0x0000000000002fd3      0xcc4 ./Drivers/STM32F4xx_HAL_Driver/Src/stm32f4xx_hal_cortex.o
 .debug_line    0x0000000000003c97      0xb4f ./Drivers/STM32F4xx_HAL_Driver/Src/stm32f4xx_hal_gpio.o
 .debug_line    0x00000000000047e6      0xd8f ./Drivers/STM32F4xx_HAL_Driver/Src/stm32f4xx_hal_rcc.o
 .debug_line    0x0000000000005575     0x34e3 ./Drivers/STM32F4xx_HAL_Driver/Src/stm32f4xx_hal_tim.o
 .debug_line    0x0000000000008a58     0x19ad ./Drivers/STM32F4xx_HAL_Driver/Src/stm32f4xx_hal_tim_ex.o

.debug_str      0x0000000000000000    0x8b76f
 .debug_str     0x0000000000000000    0x89264 ./Core/Src/main.o
                                      0x8963b (size before relaxing)
 .debug_str     0x0000000000089264       0x7b ./Core/Src/stm32f4xx_hal_msp.o
                                      0x8526c (size before relaxing)
 .debug_str     0x00000000000892df       0xbd ./Core/Src/stm32f4xx_it.o
                                      0x84bfc (size before relaxing)
 .debug_str     0x000000000008939c       0xaf ./Core/Src/system_stm32f4xx.o
                                      0x84cf2 (size before relaxing)
 .debug_str     0x000000000008944b       0x36 ./Core/Startup/startup_stm32f411ceux.o
                                         0x60 (size before relaxing)
 .debug_str     0x0000000000089481      0x919 ./Drivers/STM32F4xx_HAL_Driver/Src/stm32f4xx_hal.o
                                      0x8567c (size before relaxing)
 .debug_str     0x0000000000089d9a      0x39e ./Drivers/STM32F4xx_HAL_Driver/Src/stm32f4xx_hal_cortex.o
                                      0x85459 (size before relaxing)
 .debug_str     0x000000000008a138      0x15f ./Drivers/STM32F4xx_HAL_Driver/Src/stm32f4xx_hal_gpio.o
                                      0x84e99 (size before relaxing)
 .debug_str     0x000000000008a297      0x259 ./Drivers/STM32F4xx_HAL_Driver/Src/stm32f4xx_hal_rcc.o
                                      0x850f4 (size before relaxing)
 .debug_str     0x000000000008a4f0      0xd91 ./Drivers/STM32F4xx_HAL_Driver/Src/stm32f4xx_hal_tim.o
                                      0x8600f (size before relaxing)
 .debug_str     0x000000000008b281      0x4ee ./Drivers/STM32F4xx_HAL_Driver/Src/stm32f4xx_hal_tim_ex.o
                                      0x857c0 (size before relaxing)

.comment        0x0000000000000000       0x53
 .comment       0x0000000000000000       0x53 ./Core/Src/main.o
                                         0x54 (size before relaxing)
 .comment       0x0000000000000053       0x54 ./Core/Src/stm32f4xx_hal_msp.o
 .comment       0x0000000000000053       0x54 ./Core/Src/stm32f4xx_it.o
 .comment       0x0000000000000053       0x54 ./Core/Src/system_stm32f4xx.o
 .comment       0x0000000000000053       0x54 ./Drivers/STM32F4xx_HAL_Driver/Src/stm32f4xx_hal.o
 .comment       0x0000000000000053       0x54 ./Drivers/STM32F4xx_HAL_Driver/Src/stm32f4xx_hal_cortex.o
 .comment       0x0000000000000053       0x54 ./Drivers/STM32F4xx_HAL_Driver/Src/stm32f4xx_hal_gpio.o
 .comment       0x0000000000000053       0x54 ./Drivers/STM32F4xx_HAL_Driver/Src/stm32f4xx_hal_rcc.o
 .comment       0x0000000000000053       0x54 ./Drivers/STM32F4xx_HAL_Driver/Src/stm32f4xx_hal_tim.o
 .comment       0x0000000000000053       0x54 ./Drivers/STM32F4xx_HAL_Driver/Src/stm32f4xx_hal_tim_ex.o

.debug_frame    0x0000000000000000     0x274c
 .debug_frame   0x0000000000000000      0x160 ./Core/Src/main.o
 .debug_frame   0x0000000000000160       0xac ./Core/Src/stm32f4xx_hal_msp.o
 .debug_frame   0x000000000000020c      0x104 ./Core/Src/stm32f4xx_it.o
 .debug_frame   0x0000000000000310       0x58 ./Core/Src/system_stm32f4xx.o
 .debug_frame   0x0000000000000368      0x374 ./Drivers/STM32F4xx_HAL_Driver/Src/stm32f4xx_hal.o
 .debug_frame   0x00000000000006dc      0x498 ./Drivers/STM32F4xx_HAL_Driver/Src/stm32f4xx_hal_cortex.o
 .debug_frame   0x0000000000000b74      0x14c ./Drivers/STM32F4xx_HAL_Driver/Src/stm32f4xx_hal_gpio.o
 .debug_frame   0x0000000000000cc0      0x1ec ./Drivers/STM32F4xx_HAL_Driver/Src/stm32f4xx_hal_rcc.o
 .debug_frame   0x0000000000000eac     0x11bc ./Drivers/STM32F4xx_HAL_Driver/Src/stm32f4xx_hal_tim.o
 .debug_frame   0x0000000000002068      0x638 ./Drivers/STM32F4xx_HAL_Driver/Src/stm32f4xx_hal_tim_ex.o
 .debug_frame   0x00000000000026a0       0x2c d:/_0_stm32data/6_cubeide/stm32cubeide_1.6.1/stm32cubeide/plugins/com.st.stm32cube.ide.mcu.externaltools.gnu-tools-for-stm32.9-2020-q2-update.win32_2.0.0.202105311346/tools/bin/../lib/gcc/arm-none-eabi/9.3.1/../../../../arm-none-eabi/lib/thumb/v7e-m+fp/hard\libc_nano.a(lib_a-init.o)
 .debug_frame   0x00000000000026cc       0x20 d:/_0_stm32data/6_cubeide/stm32cubeide_1.6.1/stm32cubeide/plugins/com.st.stm32cube.ide.mcu.externaltools.gnu-tools-for-stm32.9-2020-q2-update.win32_2.0.0.202105311346/tools/bin/../lib/gcc/arm-none-eabi/9.3.1/../../../../arm-none-eabi/lib/thumb/v7e-m+fp/hard\libc_nano.a(lib_a-memset.o)
 .debug_frame   0x00000000000026ec       0x2c d:/_0_stm32data/6_cubeide/stm32cubeide_1.6.1/stm32cubeide/plugins/com.st.stm32cube.ide.mcu.externaltools.gnu-tools-for-stm32.9-2020-q2-update.win32_2.0.0.202105311346/tools/bin/../lib/gcc/arm-none-eabi/9.3.1/thumb/v7e-m+fp/hard\libgcc.a(_aeabi_uldivmod.o)
 .debug_frame   0x0000000000002718       0x34 d:/_0_stm32data/6_cubeide/stm32cubeide_1.6.1/stm32cubeide/plugins/com.st.stm32cube.ide.mcu.externaltools.gnu-tools-for-stm32.9-2020-q2-update.win32_2.0.0.202105311346/tools/bin/../lib/gcc/arm-none-eabi/9.3.1/thumb/v7e-m+fp/hard\libgcc.a(_udivmoddi4.o)
